// Jest Snapshot v1, https://goo.gl/fbAQLP

exports[`<WeatherWidget /> renders correctly 1`] = `
<RCTSafeAreaView
  emulateUnlessSupported={true}
  style={
    Object {
      "alignItems": "center",
      "flexDirection": "row",
      "justifyContent": "center",
    }
  }
>
  <Image
    source={
      Object {
        "uri": "https:undefined",
      }
    }
    style={
      Object {
        "height": 44,
        "resizeMode": "stretch",
        "width": 45,
      }
    }
  />
  <View>
    <Text
      style={
        Object {
          "color": "#000",
          "fontFamily": "Comfortaa",
          "fontSize": 11,
        }
      }
    />
    <Text
      style={
        Object {
          "color": "#000",
          "fontFamily": "Comfortaa",
          "fontSize": 11,
        }
      }
    >
      Â°C
    </Text>
    <Text
      style={
        Object {
          "color": "#000",
          "fontFamily": "Comfortaa",
          "fontSize": 11,
        }
      }
    >
      from weather api
    </Text>
  </View>
</RCTSafeAreaView>
`;
