// Jest Snapshot v1, https://goo.gl/fbAQLP

exports[`<DeletePlantButton /> renders correctly 1`] = `
<RCTSafeAreaView
  emulateUnlessSupported={true}
>
  <View
    accessible={true}
    focusable={true}
    onClick={[Function]}
    onResponderGrant={[Function]}
    onResponderMove={[Function]}
    onResponderRelease={[Function]}
    onResponderTerminate={[Function]}
    onResponderTerminationRequest={[Function]}
    onStartShouldSetResponder={[Function]}
    style={
      Object {
        "opacity": 1,
      }
    }
  >
    <Image
      source={1}
      style={
        Object {
          "height": 21,
          "resizeMode": "contain",
          "width": 18,
        }
      }
    />
  </View>
</RCTSafeAreaView>
`;
